2025-05-13 21:23:30,681 - data_ingestion - ERROR - Directory does not exist: data/extracted_data
2025-05-13 21:45:31,624 - botocore.credentials - INFO - Found credentials in shared credentials file: ~/.aws/credentials
2025-05-13 21:45:32,368 - data_ingestion - INFO - Bucket rj-ecommerce-data-lake already exists
2025-05-13 21:45:32,369 - data_ingestion - INFO - Found 9 CSV files to process
2025-05-13 21:45:32,369 - data_ingestion - INFO - Processing olist_sellers_dataset.csv...
2025-05-13 21:45:32,395 - data_ingestion - ERROR - Error processing olist_sellers_dataset.csv: 'int' object has no attribute 'lower'
2025-05-13 21:45:32,395 - data_ingestion - INFO - Processing product_category_name_translation.csv...
2025-05-13 21:45:32,824 - data_ingestion - INFO - Uploaded 71 valid records to s3://rj-ecommerce-data-lake/raw/product_category_name_translation/2025-05-13/product_category_name_translation.csv
2025-05-13 21:45:33,231 - data_ingestion - INFO - Processing olist_orders_dataset.csv...
2025-05-13 21:47:22,822 - data_ingestion - INFO - Uploaded 99441 valid records to s3://rj-ecommerce-data-lake/raw/olist_orders_dataset/2025-05-13/olist_orders_dataset.csv
2025-05-13 21:47:23,294 - data_ingestion - INFO - Processing olist_order_items_dataset.csv...
2025-05-13 21:47:23,614 - data_ingestion - ERROR - Error processing olist_order_items_dataset.csv: 'int' object has no attribute 'lower'
2025-05-13 21:47:23,624 - data_ingestion - INFO - Processing olist_customers_dataset.csv...
2025-05-13 21:47:23,842 - data_ingestion - ERROR - Error processing olist_customers_dataset.csv: 'int' object has no attribute 'lower'
2025-05-13 21:47:23,848 - data_ingestion - INFO - Processing olist_geolocation_dataset.csv...
2025-05-13 21:47:25,210 - data_ingestion - ERROR - Error processing olist_geolocation_dataset.csv: 'int' object has no attribute 'lower'
2025-05-13 21:47:25,269 - data_ingestion - INFO - Processing olist_order_payments_dataset.csv...
2025-05-13 21:47:25,421 - data_ingestion - ERROR - Error processing olist_order_payments_dataset.csv: 'int' object has no attribute 'lower'
2025-05-13 21:47:25,426 - data_ingestion - INFO - Processing olist_order_reviews_dataset.csv...
2025-05-13 21:47:25,807 - data_ingestion - ERROR - Error processing olist_order_reviews_dataset.csv: 'int' object has no attribute 'lower'
2025-05-13 21:47:25,818 - data_ingestion - INFO - Processing olist_products_dataset.csv...
2025-05-13 21:47:25,917 - data_ingestion - ERROR - Error processing olist_products_dataset.csv: 'float' object has no attribute 'lower'
2025-05-13 21:47:25,920 - data_ingestion - INFO - Data ingestion completed. Processed 2 out of 9 files successfully.
2025-05-13 21:54:32,534 - botocore.credentials - INFO - Found credentials in shared credentials file: ~/.aws/credentials
2025-05-13 21:54:33,304 - data_ingestion - INFO - Bucket rj-ecommerce-data-lake already exists
2025-05-13 21:54:33,304 - data_ingestion - INFO - Found 9 CSV files to process
2025-05-13 21:54:33,304 - data_ingestion - INFO - Processing olist_sellers_dataset.csv...
2025-05-13 21:54:34,553 - data_ingestion - INFO - Uploaded 3095 valid records to s3://rj-ecommerce-data-lake/raw/olist_sellers_dataset/2025-05-13/olist_sellers_dataset.csv
2025-05-13 21:54:34,952 - data_ingestion - INFO - Processing product_category_name_translation.csv...
2025-05-13 21:54:35,365 - data_ingestion - INFO - Uploaded 71 valid records to s3://rj-ecommerce-data-lake/raw/product_category_name_translation/2025-05-13/product_category_name_translation.csv
2025-05-13 21:54:35,763 - data_ingestion - INFO - Processing olist_orders_dataset.csv...
2025-05-13 21:54:40,488 - data_ingestion - INFO - Uploaded 99441 valid records to s3://rj-ecommerce-data-lake/raw/olist_orders_dataset/2025-05-13/olist_orders_dataset.csv
2025-05-13 21:54:40,911 - data_ingestion - INFO - Processing olist_order_items_dataset.csv...
2025-05-13 21:54:43,439 - data_ingestion - INFO - Uploaded 112650 valid records to s3://rj-ecommerce-data-lake/raw/olist_order_items_dataset/2025-05-13/olist_order_items_dataset.csv
2025-05-13 21:54:43,864 - data_ingestion - INFO - Processing olist_customers_dataset.csv...
2025-05-13 21:54:45,350 - data_ingestion - INFO - Uploaded 99441 valid records to s3://rj-ecommerce-data-lake/raw/olist_customers_dataset/2025-05-13/olist_customers_dataset.csv
2025-05-13 21:54:45,763 - data_ingestion - INFO - Processing olist_geolocation_dataset.csv...
2025-05-13 21:54:49,332 - data_ingestion - WARNING - Found 981148 duplicate records in olist_geolocation_dataset.csv
2025-05-13 21:54:50,352 - data_ingestion - INFO - Uploaded 19015 valid records to s3://rj-ecommerce-data-lake/raw/olist_geolocation_dataset/2025-05-13/olist_geolocation_dataset.csv
2025-05-13 21:54:57,135 - data_ingestion - INFO - Quarantined 981148 invalid records to s3://rj-ecommerce-data-lake/quarantine/olist_geolocation_dataset/2025-05-13/olist_geolocation_dataset.csv
2025-05-13 21:54:57,635 - data_ingestion - INFO - Processing olist_order_payments_dataset.csv...
2025-05-13 21:54:58,856 - data_ingestion - INFO - Uploaded 103886 valid records to s3://rj-ecommerce-data-lake/raw/olist_order_payments_dataset/2025-05-13/olist_order_payments_dataset.csv
2025-05-13 21:54:59,274 - data_ingestion - INFO - Processing olist_order_reviews_dataset.csv...
2025-05-13 21:55:02,042 - data_ingestion - INFO - Uploaded 99224 valid records to s3://rj-ecommerce-data-lake/raw/olist_order_reviews_dataset/2025-05-13/olist_order_reviews_dataset.csv
2025-05-13 21:55:02,461 - data_ingestion - INFO - Processing olist_products_dataset.csv...
2025-05-13 21:55:03,241 - data_ingestion - INFO - Uploaded 32951 valid records to s3://rj-ecommerce-data-lake/raw/olist_products_dataset/2025-05-13/olist_products_dataset.csv
2025-05-13 21:55:03,644 - data_ingestion - INFO - Data ingestion completed. Processed 9 out of 9 files successfully.
2025-05-14 07:51:39,265 - botocore.credentials - INFO - Found credentials in shared credentials file: ~/.aws/credentials
2025-05-14 07:51:39,963 - data_ingestion - INFO - Bucket rj-ecommerce-data-lake already exists
2025-05-14 07:51:39,964 - data_ingestion - INFO - Found 9 CSV files to process
2025-05-14 07:51:39,965 - data_ingestion - INFO - Processing olist_sellers_dataset.csv...
2025-05-14 07:51:41,177 - data_ingestion - INFO - Uploaded 3095 valid records to s3://rj-ecommerce-data-lake/raw/olist_sellers_dataset/2025-05-14/olist_sellers_dataset.csv
2025-05-14 07:51:41,568 - data_ingestion - INFO - Processing product_category_name_translation.csv...
2025-05-14 07:51:41,969 - data_ingestion - INFO - Uploaded 71 valid records to s3://rj-ecommerce-data-lake/raw/product_category_name_translation/2025-05-14/product_category_name_translation.csv
2025-05-14 07:51:42,358 - data_ingestion - INFO - Processing olist_orders_dataset.csv...
2025-05-14 07:51:47,694 - data_ingestion - INFO - Uploaded 99441 valid records to s3://rj-ecommerce-data-lake/raw/olist_orders_dataset/2025-05-14/olist_orders_dataset.csv
2025-05-14 07:51:48,112 - data_ingestion - INFO - Processing olist_order_items_dataset.csv...
2025-05-14 07:51:50,731 - data_ingestion - INFO - Uploaded 112650 valid records to s3://rj-ecommerce-data-lake/raw/olist_order_items_dataset/2025-05-14/olist_order_items_dataset.csv
2025-05-14 07:51:51,147 - data_ingestion - INFO - Processing olist_customers_dataset.csv...
2025-05-14 07:51:52,634 - data_ingestion - INFO - Uploaded 99441 valid records to s3://rj-ecommerce-data-lake/raw/olist_customers_dataset/2025-05-14/olist_customers_dataset.csv
2025-05-14 07:51:53,047 - data_ingestion - INFO - Processing olist_geolocation_dataset.csv...
2025-05-14 07:51:57,907 - data_ingestion - WARNING - Found 981148 duplicate records in olist_geolocation_dataset.csv
2025-05-14 07:51:58,917 - data_ingestion - INFO - Uploaded 19015 valid records to s3://rj-ecommerce-data-lake/raw/olist_geolocation_dataset/2025-05-14/olist_geolocation_dataset.csv
2025-05-14 07:52:04,046 - data_ingestion - INFO - Quarantined 981148 invalid records to s3://rj-ecommerce-data-lake/quarantine/olist_geolocation_dataset/2025-05-14/olist_geolocation_dataset.csv
2025-05-14 07:52:04,630 - data_ingestion - INFO - Processing olist_order_payments_dataset.csv...
2025-05-14 07:52:05,894 - data_ingestion - INFO - Uploaded 103886 valid records to s3://rj-ecommerce-data-lake/raw/olist_order_payments_dataset/2025-05-14/olist_order_payments_dataset.csv
2025-05-14 07:52:06,291 - data_ingestion - INFO - Processing olist_order_reviews_dataset.csv...
2025-05-14 07:52:09,116 - data_ingestion - INFO - Uploaded 99224 valid records to s3://rj-ecommerce-data-lake/raw/olist_order_reviews_dataset/2025-05-14/olist_order_reviews_dataset.csv
2025-05-14 07:52:09,533 - data_ingestion - INFO - Processing olist_products_dataset.csv...
2025-05-14 07:52:10,321 - data_ingestion - INFO - Uploaded 32951 valid records to s3://rj-ecommerce-data-lake/raw/olist_products_dataset/2025-05-14/olist_products_dataset.csv
2025-05-14 07:52:10,723 - data_ingestion - INFO - Data ingestion completed. Processed 9 out of 9 files successfully.
2025-05-14 08:11:46,945 - botocore.credentials - INFO - Found credentials in shared credentials file: ~/.aws/credentials
2025-05-14 08:11:47,648 - data_ingestion - INFO - Bucket rj-ecommerce-data-lake already exists
2025-05-14 08:11:47,649 - data_ingestion - INFO - Found 9 CSV files to process
2025-05-14 08:11:47,649 - data_ingestion - INFO - Processing olist_sellers_dataset.csv...
2025-05-14 08:11:48,720 - data_ingestion - INFO - Uploaded 3095 valid records to s3://rj-ecommerce-data-lake/raw/olist_sellers_dataset/2025-05-14/olist_sellers_dataset.csv
2025-05-14 08:11:49,116 - data_ingestion - INFO - Processing product_category_name_translation.csv...
2025-05-14 08:11:49,514 - data_ingestion - INFO - Uploaded 71 valid records to s3://rj-ecommerce-data-lake/raw/product_category_name_translation/2025-05-14/product_category_name_translation.csv
2025-05-14 08:11:49,912 - data_ingestion - INFO - Processing olist_orders_dataset.csv...
2025-05-14 08:11:54,778 - data_ingestion - INFO - Uploaded 99441 valid records to s3://rj-ecommerce-data-lake/raw/olist_orders_dataset/2025-05-14/olist_orders_dataset.csv
2025-05-14 08:11:55,205 - data_ingestion - INFO - Processing olist_order_items_dataset.csv...
2025-05-14 08:11:57,855 - data_ingestion - INFO - Uploaded 112650 valid records to s3://rj-ecommerce-data-lake/raw/olist_order_items_dataset/2025-05-14/olist_order_items_dataset.csv
2025-05-14 08:11:58,277 - data_ingestion - INFO - Processing olist_customers_dataset.csv...
2025-05-14 08:11:59,784 - data_ingestion - INFO - Uploaded 99441 valid records to s3://rj-ecommerce-data-lake/raw/olist_customers_dataset/2025-05-14/olist_customers_dataset.csv
2025-05-14 08:12:00,222 - data_ingestion - INFO - Processing olist_geolocation_dataset.csv...
2025-05-14 08:12:09,599 - data_ingestion - INFO - Uploaded 1000163 valid records to s3://rj-ecommerce-data-lake/raw/olist_geolocation_dataset/2025-05-14/olist_geolocation_dataset.csv
2025-05-14 08:12:10,110 - data_ingestion - INFO - Processing olist_order_payments_dataset.csv...
2025-05-14 08:12:11,354 - data_ingestion - INFO - Uploaded 103886 valid records to s3://rj-ecommerce-data-lake/raw/olist_order_payments_dataset/2025-05-14/olist_order_payments_dataset.csv
2025-05-14 08:12:11,794 - data_ingestion - INFO - Processing olist_order_reviews_dataset.csv...
2025-05-14 08:12:14,624 - data_ingestion - INFO - Uploaded 99224 valid records to s3://rj-ecommerce-data-lake/raw/olist_order_reviews_dataset/2025-05-14/olist_order_reviews_dataset.csv
2025-05-14 08:12:15,031 - data_ingestion - INFO - Processing olist_products_dataset.csv...
2025-05-14 08:12:15,820 - data_ingestion - INFO - Uploaded 32951 valid records to s3://rj-ecommerce-data-lake/raw/olist_products_dataset/2025-05-14/olist_products_dataset.csv
2025-05-14 08:12:16,218 - data_ingestion - INFO - Data ingestion completed. Processed 9 out of 9 files successfully.
2025-05-14 05:34:18,628 - data_ingestion - INFO - Bucket rj-ecommerce-data-lake already exists
2025-05-14 05:34:32,820 - data_ingestion - INFO - Processing olist_order_items_dataset.csv...
2025-05-14 05:34:32,972 - data_ingestion - INFO - Processing olist_sellers_dataset.csv...
2025-05-14 05:34:34,377 - data_ingestion - INFO - Processing olist_products_dataset.csv...
2025-05-14 05:34:34,380 - data_ingestion - INFO - Processing olist_order_payments_dataset.csv...
2025-05-14 05:34:34,384 - data_ingestion - INFO - Processing olist_orders_dataset.csv...
2025-05-14 05:34:34,411 - data_ingestion - INFO - Processing product_category_name_translation.csv...
2025-05-14 05:34:35,032 - data_ingestion - INFO - Processing olist_customers_dataset.csv...
2025-05-14 05:34:35,361 - data_ingestion - INFO - Processing olist_order_reviews_dataset.csv...
2025-05-14 05:34:35,379 - data_ingestion - INFO - Processing olist_geolocation_dataset.csv...
2025-05-14 05:34:39,593 - data_ingestion - INFO - Uploaded 32951 valid records to s3://rj-ecommerce-data-lake/raw/olist_products_dataset/2025-05-14/olist_products_dataset.csv
2025-05-14 05:34:40,598 - data_ingestion - INFO - Uploaded 103886 valid records to s3://rj-ecommerce-data-lake/raw/olist_order_payments_dataset/2025-05-14/olist_order_payments_dataset.csv
2025-05-14 05:34:43,007 - data_ingestion - INFO - Uploaded 112650 valid records to s3://rj-ecommerce-data-lake/raw/olist_order_items_dataset/2025-05-14/olist_order_items_dataset.csv
2025-05-14 05:34:44,937 - data_ingestion - INFO - Uploaded 99224 valid records to s3://rj-ecommerce-data-lake/raw/olist_order_reviews_dataset/2025-05-14/olist_order_reviews_dataset.csv
2025-05-14 05:35:36,683 - data_ingestion - INFO - Uploaded 3095 valid records to s3://rj-ecommerce-data-lake/raw/olist_sellers_dataset/2025-05-14/olist_sellers_dataset.csv
2025-05-14 05:35:37,165 - data_ingestion - INFO - Uploaded 71 valid records to s3://rj-ecommerce-data-lake/raw/product_category_name_translation/2025-05-14/product_category_name_translation.csv
2025-05-14 05:36:22,143 - data_ingestion - INFO - Uploaded 99441 valid records to s3://rj-ecommerce-data-lake/raw/olist_customers_dataset/2025-05-14/olist_customers_dataset.csv
2025-05-14 05:36:38,041 - data_ingestion - INFO - Uploaded 99441 valid records to s3://rj-ecommerce-data-lake/raw/olist_orders_dataset/2025-05-14/olist_orders_dataset.csv
2025-05-14 05:44:01,782 - data_ingestion - INFO - Uploaded 1000163 valid records to s3://rj-ecommerce-data-lake/raw/olist_geolocation_dataset/2025-05-14/olist_geolocation_dataset.csv
